error: Expected Comma, got Some(Word(g))
 --> $DIR/tests/typescript-errors/custom/const-enum/input.ts:3:11
  |
3 |     d = 10
  |           ^

